// Jest Snapshot v1, https://goo.gl/fbAQLP

exports[`TableCell renders 1`] = `
<td
  aria-hidden="false"
  class=""
  role="gridcell"
>
  Test content
</td>
`;
