// Jest Snapshot v1, https://goo.gl/fbAQLP

exports[`Tabs renders 1`] = `
<div>
  <nav
    class="p-tabs"
  >
    <ul
      class="p-tabs__list"
    >
      <li
        class="p-tabs__item"
      >
        <a
          aria-selected="true"
          class="p-tabs__link"
          data-testid="tab-link-label1"
          href="/path1"
        >
          label1
        </a>
      </li>
      <li
        class="p-tabs__item"
      >
        <a
          aria-selected="false"
          class="p-tabs__link"
          data-testid="tab-link-label2"
          href="/path2"
        >
          label2
        </a>
      </li>
    </ul>
  </nav>
</div>
`;
